passwordx: 123456
passwordx: 123456789
passwordx: 111111
passwordx: tc
passwordx: password
passwordx: qwerty
passwordx: abc123
passwordx: 12345678
passwordx: password1
passwordx: 1234567
passwordx: 123123
passwordx: 1234567890
passwordx: 000000
passwordx: 12345
passwordx: iloveyou
passwordx: 1q2w3e4r5t
passwordx: 1234
passwordx: 123456a
passwordx: qwertyuiop
passwordx: monkey
passwordx: 123321
passwordx: dragon
passwordx: 654321
passwordx: 666666
passwordx: 123
passwordx: myspace1
passwordx: a123456
passwordx: 121212
passwordx: 1qaz2wsx
passwordx: 123qwe
passwordx: 123abc
passwordx: tinkle
passwordx: target123
passwordx: gwerty
passwordx: 1g2w3e4r
passwordx: gwerty123
passwordx: zag12wsx
passwordx: 7777777
passwordx: qwerty1
passwordx: Passw0rd!
usernamex: root
usernamex: admin
usernamex: test
usernamex: tc
usernamex: guest
usernamex: info
usernamex: adm
usernamex: mysql
usernamex: user
usernamex: administrator
usernamex: oracle
usernamex: ftp
usernamex: admin1
usernamex: backup
usernamex: batch
usernamex: best
usernamex: default
usernamex: demo
usernamex: enduser
usernamex: gateway
usernamex: helpdesk
usernamex: host
usernamex: operator
usernamex: private
usernamex: public
usernamex: post
usernamex: supervisor
usernamex: sys
usernamex: sysadmin
usernamex: service
usernamex: www-data
usernamex: anon
usernamex: anonymous
usernamex: daemon
usernamex: master
usernamex: tomcat55
usernamex: msfadmin
usernamex: ubuntu
usernamex: IEUser
usernamex: balerion

